Info: Starting: Create block symbol file (.bsf)
Info: qsys-generate "C:\Users\Elia Yfrach\Desktop\Project\FM\NCO_FM.qsys" --block-symbol-file --output-directory="C:\Users\Elia Yfrach\Desktop\Project\FM\NCO_FM" --family="Cyclone V" --part=5CEBA4F23C7
Progress: Loading FM/NCO_FM.qsys
Progress: Reading input file
Progress: Adding NCO_FM [altera_nco_ii 17.0]
Progress: Parameterizing module NCO_FM
Progress: Adding clk_0 [clock_source 17.0]
Progress: Parameterizing module clk_0
Progress: Building connections
Progress: Parameterizing connections
Progress: Validating
Progress: Done reading input file
Info: qsys-generate succeeded.
Info: Finished: Create block symbol file (.bsf)
Info: 
Info: Starting: Create HDL design files for synthesis
Info: qsys-generate "C:\Users\Elia Yfrach\Desktop\Project\FM\NCO_FM.qsys" --synthesis=VHDL --output-directory="C:\Users\Elia Yfrach\Desktop\Project\FM\NCO_FM\synthesis" --family="Cyclone V" --part=5CEBA4F23C7
Progress: Loading FM/NCO_FM.qsys
Progress: Reading input file
Progress: Adding NCO_FM [altera_nco_ii 17.0]
Progress: Parameterizing module NCO_FM
Progress: Adding clk_0 [clock_source 17.0]
Progress: Parameterizing module clk_0
Progress: Building connections
Progress: Parameterizing connections
Progress: Validating
Progress: Done reading input file
Info: NCO_FM: Generating NCO_FM "NCO_FM" for QUARTUS_SYNTH
Info: NCO_FM: "NCO_FM" instantiated altera_nco_ii "NCO_FM"
Info: rst_controller: "NCO_FM" instantiated altera_reset_controller "rst_controller"
Info: NCO_FM: Done "NCO_FM" with 3 modules, 18 files
Info: qsys-generate succeeded.
Info: Finished: Create HDL design files for synthesis
